
Memory Configuration

Name             Origin             Length             Attributes
flash            0x08000000         0x00020000         xr
sram             0x20000000         0x00005000         xrw
*default*        0x00000000         0xffffffff

Linker script and memory map


.text           0x08000000      0x1a4
 *(.vectors*)
 .vectors       0x08000000       0x1c startup.o
                0x08000000                vectors
 *(.text*)
 .text          0x0800001c       0x98 startup.o
                0x0800001c                Bus_fault_Handler
                0x0800001c                MM_fault_Handler
                0x0800001c                Usage_fault_Handler
                0x0800001c                H_fault_Handler
                0x0800001c                Default_Handler
                0x0800001c                NMI_Handler
                0x08000028                Reset_Handler
 .text          0x080000b4       0x88 pressure_sensor.o
                0x080000b4                Delay
                0x080000d4                getPressureVal
                0x080000ec                GPIO_INITIALIZATION
 .text          0x0800013c       0x2c main.o
                0x0800013c                main
 .text          0x08000168       0x3c alarm.o
                0x08000168                Set_Alarm_actuator
 *(.rodata)
                0x080001a4                _E_text = .

.glue_7         0x080001a4        0x0
 .glue_7        0x080001a4        0x0 linker stubs

.glue_7t        0x080001a4        0x0
 .glue_7t       0x080001a4        0x0 linker stubs

.vfp11_veneer   0x080001a4        0x0
 .vfp11_veneer  0x080001a4        0x0 linker stubs

.v4_bx          0x080001a4        0x0
 .v4_bx         0x080001a4        0x0 linker stubs

.iplt           0x080001a4        0x0
 .iplt          0x080001a4        0x0 startup.o

.rel.dyn        0x080001a4        0x0
 .rel.iplt      0x080001a4        0x0 startup.o

.data           0x20000000        0x0 load address 0x080001a4
                0x20000000                _S_DATA = .
 *(.data)
 .data          0x20000000        0x0 startup.o
 .data          0x20000000        0x0 pressure_sensor.o
 .data          0x20000000        0x0 main.o
 .data          0x20000000        0x0 alarm.o
                0x20000000                _E_DATA = .

.igot.plt       0x20000000        0x0 load address 0x080001a4
 .igot.plt      0x20000000        0x0 startup.o

.bss            0x20000000     0x1000 load address 0x080001a4
                0x20000000                _S_bss = .
 *(.bss*)
 .bss           0x20000000        0x0 startup.o
 .bss           0x20000000        0x0 pressure_sensor.o
 .bss           0x20000000        0x0 main.o
 .bss           0x20000000        0x0 alarm.o
                0x20000000                . = ALIGN (0x4)
                0x20000000                _E_bss = .
                0x20000000                . = ALIGN (0x4)
                0x20001000                . = (. + 0x1000)
 *fill*         0x20000000     0x1000 
                0x20001000                _stack_top = .
LOAD startup.o
LOAD pressure_sensor.o
LOAD main.o
LOAD alarm.o
OUTPUT(pressure_detection.elf elf32-littlearm)

.debug_info     0x00000000      0xc74
 .debug_info    0x00000000      0x16c startup.o
 .debug_info    0x0000016c       0xd5 pressure_sensor.o
 .debug_info    0x00000241      0x98e main.o
 .debug_info    0x00000bcf       0xa5 alarm.o

.debug_abbrev   0x00000000      0x324
 .debug_abbrev  0x00000000       0xc2 startup.o
 .debug_abbrev  0x000000c2       0x8c pressure_sensor.o
 .debug_abbrev  0x0000014e      0x178 main.o
 .debug_abbrev  0x000002c6       0x5e alarm.o

.debug_loc      0x00000000      0x1e8
 .debug_loc     0x00000000       0x7c startup.o
 .debug_loc     0x0000007c       0xe4 pressure_sensor.o
 .debug_loc     0x00000160       0x2c main.o
 .debug_loc     0x0000018c       0x5c alarm.o

.debug_aranges  0x00000000       0x80
 .debug_aranges
                0x00000000       0x20 startup.o
 .debug_aranges
                0x00000020       0x20 pressure_sensor.o
 .debug_aranges
                0x00000040       0x20 main.o
 .debug_aranges
                0x00000060       0x20 alarm.o

.debug_line     0x00000000      0x49d
 .debug_line    0x00000000      0x13e startup.o
 .debug_line    0x0000013e      0x12c pressure_sensor.o
 .debug_line    0x0000026a      0x123 main.o
 .debug_line    0x0000038d      0x110 alarm.o

.debug_str      0x00000000      0x598
 .debug_str     0x00000000      0x16c startup.o
                                0x1a9 (size before relaxing)
 .debug_str     0x0000016c       0x42 pressure_sensor.o
                                0x16b (size before relaxing)
 .debug_str     0x000001ae      0x3cf main.o
                                0x50e (size before relaxing)
 .debug_str     0x0000057d       0x1b alarm.o
                                0x144 (size before relaxing)

.comment        0x00000000       0x7e
 .comment       0x00000000       0x7e startup.o
                                 0x7f (size before relaxing)
 .comment       0x0000007e       0x7f pressure_sensor.o
 .comment       0x0000007e       0x7f main.o
 .comment       0x0000007e       0x7f alarm.o

.ARM.attributes
                0x00000000       0x33
 .ARM.attributes
                0x00000000       0x33 startup.o
 .ARM.attributes
                0x00000033       0x33 pressure_sensor.o
 .ARM.attributes
                0x00000066       0x33 main.o
 .ARM.attributes
                0x00000099       0x33 alarm.o

.debug_frame    0x00000000      0x12c
 .debug_frame   0x00000000       0x50 startup.o
 .debug_frame   0x00000050       0x78 pressure_sensor.o
 .debug_frame   0x000000c8       0x2c main.o
 .debug_frame   0x000000f4       0x38 alarm.o
