Archive member included to satisfy reference by file (symbol)

c:/st/stm32cubeide_1.4.0/stm32cubeide/plugins/com.st.stm32cube.ide.mcu.externaltools.gnu-tools-for-stm32.7-2018-q2-update.win32_1.4.0.202007081208/tools/bin/../lib/gcc/arm-none-eabi/7.3.1/../../../../arm-none-eabi/lib/thumb/v7-m\libc_nano.a(lib_a-errno.o)
                              Src/syscalls.o (__errno)
c:/st/stm32cubeide_1.4.0/stm32cubeide/plugins/com.st.stm32cube.ide.mcu.externaltools.gnu-tools-for-stm32.7-2018-q2-update.win32_1.4.0.202007081208/tools/bin/../lib/gcc/arm-none-eabi/7.3.1/../../../../arm-none-eabi/lib/thumb/v7-m\libc_nano.a(lib_a-exit.o)
                              c:/st/stm32cubeide_1.4.0/stm32cubeide/plugins/com.st.stm32cube.ide.mcu.externaltools.gnu-tools-for-stm32.7-2018-q2-update.win32_1.4.0.202007081208/tools/bin/../lib/gcc/arm-none-eabi/7.3.1/../../../../arm-none-eabi/lib/thumb/v7-m/crt0.o (exit)
c:/st/stm32cubeide_1.4.0/stm32cubeide/plugins/com.st.stm32cube.ide.mcu.externaltools.gnu-tools-for-stm32.7-2018-q2-update.win32_1.4.0.202007081208/tools/bin/../lib/gcc/arm-none-eabi/7.3.1/../../../../arm-none-eabi/lib/thumb/v7-m\libc_nano.a(lib_a-impure.o)
                              c:/st/stm32cubeide_1.4.0/stm32cubeide/plugins/com.st.stm32cube.ide.mcu.externaltools.gnu-tools-for-stm32.7-2018-q2-update.win32_1.4.0.202007081208/tools/bin/../lib/gcc/arm-none-eabi/7.3.1/../../../../arm-none-eabi/lib/thumb/v7-m\libc_nano.a(lib_a-exit.o) (_global_impure_ptr)
c:/st/stm32cubeide_1.4.0/stm32cubeide/plugins/com.st.stm32cube.ide.mcu.externaltools.gnu-tools-for-stm32.7-2018-q2-update.win32_1.4.0.202007081208/tools/bin/../lib/gcc/arm-none-eabi/7.3.1/../../../../arm-none-eabi/lib/thumb/v7-m\libc_nano.a(lib_a-init.o)
                              c:/st/stm32cubeide_1.4.0/stm32cubeide/plugins/com.st.stm32cube.ide.mcu.externaltools.gnu-tools-for-stm32.7-2018-q2-update.win32_1.4.0.202007081208/tools/bin/../lib/gcc/arm-none-eabi/7.3.1/../../../../arm-none-eabi/lib/thumb/v7-m/crt0.o (__libc_init_array)
c:/st/stm32cubeide_1.4.0/stm32cubeide/plugins/com.st.stm32cube.ide.mcu.externaltools.gnu-tools-for-stm32.7-2018-q2-update.win32_1.4.0.202007081208/tools/bin/../lib/gcc/arm-none-eabi/7.3.1/../../../../arm-none-eabi/lib/thumb/v7-m\libc_nano.a(lib_a-memset.o)
                              c:/st/stm32cubeide_1.4.0/stm32cubeide/plugins/com.st.stm32cube.ide.mcu.externaltools.gnu-tools-for-stm32.7-2018-q2-update.win32_1.4.0.202007081208/tools/bin/../lib/gcc/arm-none-eabi/7.3.1/../../../../arm-none-eabi/lib/thumb/v7-m/crt0.o (memset)

Allocating common symbols
Common symbol       size              file

taska_flag          0x1               Src/main.o
taskb_flag          0x1               Src/main.o
irq_flag            0x1               Src/main.o
_e_pspb             0x4               Src/main.o
_s_pspa             0x4               Src/main.o
_e_pspa             0x4               Src/main.o
g_irq_call_back     0x3c              Src/exti_driver.o
_s_pspb             0x4               Src/main.o
_e_msp              0x4               Src/main.o

Discarded input sections

 .text          0x0000000000000000        0x0 c:/st/stm32cubeide_1.4.0/stm32cubeide/plugins/com.st.stm32cube.ide.mcu.externaltools.gnu-tools-for-stm32.7-2018-q2-update.win32_1.4.0.202007081208/tools/bin/../lib/gcc/arm-none-eabi/7.3.1/thumb/v7-m/crti.o
 .data          0x0000000000000000        0x0 c:/st/stm32cubeide_1.4.0/stm32cubeide/plugins/com.st.stm32cube.ide.mcu.externaltools.gnu-tools-for-stm32.7-2018-q2-update.win32_1.4.0.202007081208/tools/bin/../lib/gcc/arm-none-eabi/7.3.1/thumb/v7-m/crti.o
 .bss           0x0000000000000000        0x0 c:/st/stm32cubeide_1.4.0/stm32cubeide/plugins/com.st.stm32cube.ide.mcu.externaltools.gnu-tools-for-stm32.7-2018-q2-update.win32_1.4.0.202007081208/tools/bin/../lib/gcc/arm-none-eabi/7.3.1/thumb/v7-m/crti.o
 .data          0x0000000000000000        0x4 c:/st/stm32cubeide_1.4.0/stm32cubeide/plugins/com.st.stm32cube.ide.mcu.externaltools.gnu-tools-for-stm32.7-2018-q2-update.win32_1.4.0.202007081208/tools/bin/../lib/gcc/arm-none-eabi/7.3.1/thumb/v7-m/crtbegin.o
 .text          0x0000000000000000       0x74 c:/st/stm32cubeide_1.4.0/stm32cubeide/plugins/com.st.stm32cube.ide.mcu.externaltools.gnu-tools-for-stm32.7-2018-q2-update.win32_1.4.0.202007081208/tools/bin/../lib/gcc/arm-none-eabi/7.3.1/../../../../arm-none-eabi/lib/thumb/v7-m/crt0.o
 .data          0x0000000000000000        0x0 c:/st/stm32cubeide_1.4.0/stm32cubeide/plugins/com.st.stm32cube.ide.mcu.externaltools.gnu-tools-for-stm32.7-2018-q2-update.win32_1.4.0.202007081208/tools/bin/../lib/gcc/arm-none-eabi/7.3.1/../../../../arm-none-eabi/lib/thumb/v7-m/crt0.o
 .bss           0x0000000000000000        0x0 c:/st/stm32cubeide_1.4.0/stm32cubeide/plugins/com.st.stm32cube.ide.mcu.externaltools.gnu-tools-for-stm32.7-2018-q2-update.win32_1.4.0.202007081208/tools/bin/../lib/gcc/arm-none-eabi/7.3.1/../../../../arm-none-eabi/lib/thumb/v7-m/crt0.o
 .ARM.extab     0x0000000000000000        0x0 c:/st/stm32cubeide_1.4.0/stm32cubeide/plugins/com.st.stm32cube.ide.mcu.externaltools.gnu-tools-for-stm32.7-2018-q2-update.win32_1.4.0.202007081208/tools/bin/../lib/gcc/arm-none-eabi/7.3.1/../../../../arm-none-eabi/lib/thumb/v7-m/crt0.o
 .ARM.exidx     0x0000000000000000        0x8 c:/st/stm32cubeide_1.4.0/stm32cubeide/plugins/com.st.stm32cube.ide.mcu.externaltools.gnu-tools-for-stm32.7-2018-q2-update.win32_1.4.0.202007081208/tools/bin/../lib/gcc/arm-none-eabi/7.3.1/../../../../arm-none-eabi/lib/thumb/v7-m/crt0.o
 .ARM.attributes
                0x0000000000000000       0x1b c:/st/stm32cubeide_1.4.0/stm32cubeide/plugins/com.st.stm32cube.ide.mcu.externaltools.gnu-tools-for-stm32.7-2018-q2-update.win32_1.4.0.202007081208/tools/bin/../lib/gcc/arm-none-eabi/7.3.1/../../../../arm-none-eabi/lib/thumb/v7-m/crt0.o
 .group         0x0000000000000000        0xc Src/exti_driver.o
 .group         0x0000000000000000        0xc Src/exti_driver.o
 .group         0x0000000000000000        0xc Src/exti_driver.o
 .group         0x0000000000000000        0xc Src/exti_driver.o
 .group         0x0000000000000000        0xc Src/exti_driver.o
 .group         0x0000000000000000        0xc Src/exti_driver.o
 .group         0x0000000000000000        0xc Src/exti_driver.o
 .group         0x0000000000000000        0xc Src/exti_driver.o
 .group         0x0000000000000000        0xc Src/exti_driver.o
 .group         0x0000000000000000        0xc Src/exti_driver.o
 .group         0x0000000000000000        0xc Src/exti_driver.o
 .group         0x0000000000000000        0xc Src/exti_driver.o
 .group         0x0000000000000000        0xc Src/exti_driver.o
 .group         0x0000000000000000        0xc Src/exti_driver.o
 .group         0x0000000000000000        0xc Src/exti_driver.o
 .group         0x0000000000000000        0xc Src/exti_driver.o
 .group         0x0000000000000000        0xc Src/exti_driver.o
 .group         0x0000000000000000        0xc Src/exti_driver.o
 .group         0x0000000000000000        0xc Src/exti_driver.o
 .group         0x0000000000000000        0xc Src/exti_driver.o
 .group         0x0000000000000000        0xc Src/exti_driver.o
 .group         0x0000000000000000        0xc Src/exti_driver.o
 .group         0x0000000000000000        0xc Src/exti_driver.o
 .group         0x0000000000000000        0xc Src/exti_driver.o
 .group         0x0000000000000000        0xc Src/exti_driver.o
 .group         0x0000000000000000        0xc Src/exti_driver.o
 .group         0x0000000000000000        0xc Src/exti_driver.o
 .group         0x0000000000000000        0xc Src/exti_driver.o
 .group         0x0000000000000000        0xc Src/exti_driver.o
 .group         0x0000000000000000        0xc Src/exti_driver.o
 .group         0x0000000000000000        0xc Src/exti_driver.o
 .group         0x0000000000000000        0xc Src/exti_driver.o
 .group         0x0000000000000000        0xc Src/exti_driver.o
 .group         0x0000000000000000        0xc Src/exti_driver.o
 .group         0x0000000000000000        0xc Src/exti_driver.o
 .group         0x0000000000000000        0xc Src/exti_driver.o
 .group         0x0000000000000000        0xc Src/exti_driver.o
 .group         0x0000000000000000        0xc Src/exti_driver.o
 .group         0x0000000000000000        0xc Src/exti_driver.o
 .text          0x0000000000000000        0x0 Src/exti_driver.o
 .data          0x0000000000000000        0x0 Src/exti_driver.o
 .bss           0x0000000000000000        0x0 Src/exti_driver.o
 .text.mcal_gpio_exti_deinit
                0x0000000000000000       0x94 Src/exti_driver.o
 .text.mcal_gpio_exti_update
                0x0000000000000000       0x16 Src/exti_driver.o
 .group         0x0000000000000000        0xc Src/main.o
 .group         0x0000000000000000        0xc Src/main.o
 .group         0x0000000000000000        0xc Src/main.o
 .group         0x0000000000000000        0xc Src/main.o
 .group         0x0000000000000000        0xc Src/main.o
 .group         0x0000000000000000        0xc Src/main.o
 .group         0x0000000000000000        0xc Src/main.o
 .group         0x0000000000000000        0xc Src/main.o
 .group         0x0000000000000000        0xc Src/main.o
 .group         0x0000000000000000        0xc Src/main.o
 .group         0x0000000000000000        0xc Src/main.o
 .group         0x0000000000000000        0xc Src/main.o
 .group         0x0000000000000000        0xc Src/main.o
 .group         0x0000000000000000        0xc Src/main.o
 .group         0x0000000000000000        0xc Src/main.o
 .group         0x0000000000000000        0xc Src/main.o
 .group         0x0000000000000000        0xc Src/main.o
 .group         0x0000000000000000        0xc Src/main.o
 .group         0x0000000000000000        0xc Src/main.o
 .group         0x0000000000000000        0xc Src/main.o
 .group         0x0000000000000000        0xc Src/main.o
 .group         0x0000000000000000        0xc Src/main.o
 .group         0x0000000000000000        0xc Src/main.o
 .group         0x0000000000000000        0xc Src/main.o
 .group         0x0000000000000000        0xc Src/main.o
 .group         0x0000000000000000        0xc Src/main.o
 .group         0x0000000000000000        0xc Src/main.o
 .group         0x0000000000000000        0xc Src/main.o
 .group         0x0000000000000000        0xc Src/main.o
 .group         0x0000000000000000        0xc Src/main.o
 .group         0x0000000000000000        0xc Src/main.o
 .group         0x0000000000000000        0xc Src/main.o
 .group         0x0000000000000000        0xc Src/main.o
 .group         0x0000000000000000        0xc Src/main.o
 .group         0x0000000000000000        0xc Src/main.o
 .group         0x0000000000000000        0xc Src/main.o
 .group         0x0000000000000000        0xc Src/main.o
 .group         0x0000000000000000        0xc Src/main.o
 .group         0x0000000000000000        0xc Src/main.o
 .text          0x0000000000000000        0x0 Src/main.o
 .data          0x0000000000000000        0x0 Src/main.o
 .bss           0x0000000000000000        0x0 Src/main.o
 .debug_macro   0x0000000000000000      0xa60 Src/main.o
 .debug_macro   0x0000000000000000       0x18 Src/main.o
 .debug_macro   0x0000000000000000       0x22 Src/main.o
 .debug_macro   0x0000000000000000       0x40 Src/main.o
 .debug_macro   0x0000000000000000       0x94 Src/main.o
 .debug_macro   0x0000000000000000       0x3c Src/main.o
 .debug_macro   0x0000000000000000       0x34 Src/main.o
 .debug_macro   0x0000000000000000       0x16 Src/main.o
 .debug_macro   0x0000000000000000      0x10e Src/main.o
 .debug_macro   0x0000000000000000       0x8d Src/main.o
 .debug_macro   0x0000000000000000       0x57 Src/main.o
 .debug_macro   0x0000000000000000       0x52 Src/main.o
 .debug_macro   0x0000000000000000       0x1f Src/main.o
 .debug_macro   0x0000000000000000       0x43 Src/main.o
 .debug_macro   0x0000000000000000       0x20 Src/main.o
 .debug_macro   0x0000000000000000      0x1a3 Src/main.o
 .debug_macro   0x0000000000000000      0x330 Src/main.o
 .debug_macro   0x0000000000000000       0x16 Src/main.o
 .debug_macro   0x0000000000000000       0x29 Src/main.o
 .debug_macro   0x0000000000000000       0x1c Src/main.o
 .debug_macro   0x0000000000000000       0x35 Src/main.o
 .debug_macro   0x0000000000000000       0x10 Src/main.o
 .debug_macro   0x0000000000000000       0x10 Src/main.o
 .debug_macro   0x0000000000000000       0x6a Src/main.o
 .debug_macro   0x0000000000000000       0x1c Src/main.o
 .debug_macro   0x0000000000000000       0x52 Src/main.o
 .debug_macro   0x0000000000000000       0x40 Src/main.o
 .debug_macro   0x0000000000000000       0x10 Src/main.o
 .debug_macro   0x0000000000000000       0x40 Src/main.o
 .debug_macro   0x0000000000000000       0xd7 Src/main.o
 .debug_macro   0x0000000000000000       0x1c Src/main.o
 .debug_macro   0x0000000000000000       0x3d Src/main.o
 .debug_macro   0x0000000000000000       0x16 Src/main.o
 .debug_macro   0x0000000000000000      0x145 Src/main.o
 .debug_macro   0x0000000000000000      0x28c Src/main.o
 .debug_macro   0x0000000000000000       0xb8 Src/main.o
 .debug_macro   0x0000000000000000       0xef Src/main.o
 .debug_macro   0x0000000000000000      0x1df Src/main.o
 .group         0x0000000000000000        0xc Src/rcc.o
 .group         0x0000000000000000        0xc Src/rcc.o
 .group         0x0000000000000000        0xc Src/rcc.o
 .group         0x0000000000000000        0xc Src/rcc.o
 .group         0x0000000000000000        0xc Src/rcc.o
 .group         0x0000000000000000        0xc Src/rcc.o
 .group         0x0000000000000000        0xc Src/rcc.o
 .group         0x0000000000000000        0xc Src/rcc.o
 .group         0x0000000000000000        0xc Src/rcc.o
 .group         0x0000000000000000        0xc Src/rcc.o
 .group         0x0000000000000000        0xc Src/rcc.o
 .group         0x0000000000000000        0xc Src/rcc.o
 .group         0x0000000000000000        0xc Src/rcc.o
 .group         0x0000000000000000        0xc Src/rcc.o
 .group         0x0000000000000000        0xc Src/rcc.o
 .group         0x0000000000000000        0xc Src/rcc.o
 .group         0x0000000000000000        0xc Src/rcc.o
 .group         0x0000000000000000        0xc Src/rcc.o
 .group         0x0000000000000000        0xc Src/rcc.o
 .group         0x0000000000000000        0xc Src/rcc.o
 .group         0x0000000000000000        0xc Src/rcc.o
 .group         0x0000000000000000        0xc Src/rcc.o
 .group         0x0000000000000000        0xc Src/rcc.o
 .group         0x0000000000000000        0xc Src/rcc.o
 .group         0x0000000000000000        0xc Src/rcc.o
 .group         0x0000000000000000        0xc Src/rcc.o
 .group         0x0000000000000000        0xc Src/rcc.o
 .group         0x0000000000000000        0xc Src/rcc.o
 .group         0x0000000000000000        0xc Src/rcc.o
 .group         0x0000000000000000        0xc Src/rcc.o
 .group         0x0000000000000000        0xc Src/rcc.o
 .group         0x0000000000000000        0xc Src/rcc.o
 .group         0x0000000000000000        0xc Src/rcc.o
 .group         0x0000000000000000        0xc Src/rcc.o
 .group         0x0000000000000000        0xc Src/rcc.o
 .group         0x0000000000000000        0xc Src/rcc.o
 .text          0x0000000000000000        0x0 Src/rcc.o
 .data          0x0000000000000000        0x0 Src/rcc.o
 .bss           0x0000000000000000        0x0 Src/rcc.o
 .data.apb_pre_scaler
                0x0000000000000000        0x8 Src/rcc.o
 .data.ahb_pre_scaler
                0x0000000000000000       0x20 Src/rcc.o
 .text.mcal_rcc_get_sysclk1
                0x0000000000000000       0x14 Src/rcc.o
 .text.mcal_rcc_get_hclk1
                0x0000000000000000       0x28 Src/rcc.o
 .text.mcal_rcc_get_pclk1
                0x0000000000000000       0x24 Src/rcc.o
 .text.mcal_rcc_get_pclk2
                0x0000000000000000       0x24 Src/rcc.o
 .debug_info    0x0000000000000000      0x9fc Src/rcc.o
 .debug_abbrev  0x0000000000000000      0x1b5 Src/rcc.o
 .debug_aranges
                0x0000000000000000       0x38 Src/rcc.o
 .debug_ranges  0x0000000000000000       0x28 Src/rcc.o
 .debug_macro   0x0000000000000000      0x1e6 Src/rcc.o
 .debug_macro   0x0000000000000000      0xa60 Src/rcc.o
 .debug_macro   0x0000000000000000       0x18 Src/rcc.o
 .debug_macro   0x0000000000000000       0x22 Src/rcc.o
 .debug_macro   0x0000000000000000       0x40 Src/rcc.o
 .debug_macro   0x0000000000000000       0x94 Src/rcc.o
 .debug_macro   0x0000000000000000       0x3c Src/rcc.o
 .debug_macro   0x0000000000000000       0x34 Src/rcc.o
 .debug_macro   0x0000000000000000       0x16 Src/rcc.o
 .debug_macro   0x0000000000000000      0x10e Src/rcc.o
 .debug_macro   0x0000000000000000       0x8d Src/rcc.o
 .debug_macro   0x0000000000000000       0x57 Src/rcc.o
 .debug_macro   0x0000000000000000       0x52 Src/rcc.o
 .debug_macro   0x0000000000000000       0x1f Src/rcc.o
 .debug_macro   0x0000000000000000       0x43 Src/rcc.o
 .debug_macro   0x0000000000000000       0x20 Src/rcc.o
 .debug_macro   0x0000000000000000      0x1a3 Src/rcc.o
 .debug_macro   0x0000000000000000      0x330 Src/rcc.o
 .debug_macro   0x0000000000000000       0x16 Src/rcc.o
 .debug_macro   0x0000000000000000       0x29 Src/rcc.o
 .debug_macro   0x0000000000000000       0x1c Src/rcc.o
 .debug_macro   0x0000000000000000       0x35 Src/rcc.o
 .debug_macro   0x0000000000000000       0x10 Src/rcc.o
 .debug_macro   0x0000000000000000       0x10 Src/rcc.o
 .debug_macro   0x0000000000000000       0x6a Src/rcc.o
 .debug_macro   0x0000000000000000       0x1c Src/rcc.o
 .debug_macro   0x0000000000000000       0x52 Src/rcc.o
 .debug_macro   0x0000000000000000       0x40 Src/rcc.o
 .debug_macro   0x0000000000000000       0x10 Src/rcc.o
 .debug_macro   0x0000000000000000       0x40 Src/rcc.o
 .debug_macro   0x0000000000000000       0xd7 Src/rcc.o
 .debug_macro   0x0000000000000000       0x1c Src/rcc.o
 .debug_macro   0x0000000000000000       0x3d Src/rcc.o
 .debug_macro   0x0000000000000000       0x16 Src/rcc.o
 .debug_macro   0x0000000000000000      0x145 Src/rcc.o
 .debug_macro   0x0000000000000000      0x28c Src/rcc.o
 .debug_macro   0x0000000000000000       0xb8 Src/rcc.o
 .debug_line    0x0000000000000000      0x5d2 Src/rcc.o
 .debug_str     0x0000000000000000     0x86cc Src/rcc.o
 .comment       0x0000000000000000       0x7c Src/rcc.o
 .debug_frame   0x0000000000000000       0x84 Src/rcc.o
 .ARM.attributes
                0x0000000000000000       0x33 Src/rcc.o
 .group         0x0000000000000000        0xc Src/stm32f103x6_gpio_driver.o
 .group         0x0000000000000000        0xc Src/stm32f103x6_gpio_driver.o
 .group         0x0000000000000000        0xc Src/stm32f103x6_gpio_driver.o
 .group         0x0000000000000000        0xc Src/stm32f103x6_gpio_driver.o
 .group         0x0000000000000000        0xc Src/stm32f103x6_gpio_driver.o
 .group         0x0000000000000000        0xc Src/stm32f103x6_gpio_driver.o
 .group         0x0000000000000000        0xc Src/stm32f103x6_gpio_driver.o
 .group         0x0000000000000000        0xc Src/stm32f103x6_gpio_driver.o
 .group         0x0000000000000000        0xc Src/stm32f103x6_gpio_driver.o
 .group         0x0000000000000000        0xc Src/stm32f103x6_gpio_driver.o
 .group         0x0000000000000000        0xc Src/stm32f103x6_gpio_driver.o
 .group         0x0000000000000000        0xc Src/stm32f103x6_gpio_driver.o
 .group         0x0000000000000000        0xc Src/stm32f103x6_gpio_driver.o
 .group         0x0000000000000000        0xc Src/stm32f103x6_gpio_driver.o
 .group         0x0000000000000000        0xc Src/stm32f103x6_gpio_driver.o
 .group         0x0000000000000000        0xc Src/stm32f103x6_gpio_driver.o
 .group         0x0000000000000000        0xc Src/stm32f103x6_gpio_driver.o
 .group         0x0000000000000000        0xc Src/stm32f103x6_gpio_driver.o
 .group         0x0000000000000000        0xc Src/stm32f103x6_gpio_driver.o
 .group         0x0000000000000000        0xc Src/stm32f103x6_gpio_driver.o
 .group         0x0000000000000000        0xc Src/stm32f103x6_gpio_driver.o
 .group         0x0000000000000000        0xc Src/stm32f103x6_gpio_driver.o
 .group         0x0000000000000000        0xc Src/stm32f103x6_gpio_driver.o
 .group         0x0000000000000000        0xc Src/stm32f103x6_gpio_driver.o
 .group         0x0000000000000000        0xc Src/stm32f103x6_gpio_driver.o
 .group         0x0000000000000000        0xc Src/stm32f103x6_gpio_driver.o
 .group         0x0000000000000000        0xc Src/stm32f103x6_gpio_driver.o
 .group         0x0000000000000000        0xc Src/stm32f103x6_gpio_driver.o
 .group         0x0000000000000000        0xc Src/stm32f103x6_gpio_driver.o
 .group         0x0000000000000000        0xc Src/stm32f103x6_gpio_driver.o
 .group         0x0000000000000000        0xc Src/stm32f103x6_gpio_driver.o
 .group         0x0000000000000000        0xc Src/stm32f103x6_gpio_driver.o
 .group         0x0000000000000000        0xc Src/stm32f103x6_gpio_driver.o
 .group         0x0000000000000000        0xc Src/stm32f103x6_gpio_driver.o
 .group         0x0000000000000000        0xc Src/stm32f103x6_gpio_driver.o
 .group         0x0000000000000000        0xc Src/stm32f103x6_gpio_driver.o
 .text          0x0000000000000000        0x0 Src/stm32f103x6_gpio_driver.o
 .data          0x0000000000000000        0x0 Src/stm32f103x6_gpio_driver.o
 .bss           0x0000000000000000        0x0 Src/stm32f103x6_gpio_driver.o
 .text.get_pos_odr
                0x0000000000000000       0xb6 Src/stm32f103x6_gpio_driver.o
 .text.mcal_gpio_deinit
                0x0000000000000000       0x3a Src/stm32f103x6_gpio_driver.o
 .text.mcal_gpio_read_pin
                0x0000000000000000       0x30 Src/stm32f103x6_gpio_driver.o
 .text.mcal_gpio_read_port
                0x0000000000000000       0x1c Src/stm32f103x6_gpio_driver.o
 .text.mcal_gpio_write_port
                0x0000000000000000       0x1c Src/stm32f103x6_gpio_driver.o
 .text.mcal_gpio_toggle_pin
                0x0000000000000000       0x22 Src/stm32f103x6_gpio_driver.o
 .debug_macro   0x0000000000000000      0xa60 Src/stm32f103x6_gpio_driver.o
 .debug_macro   0x0000000000000000       0x18 Src/stm32f103x6_gpio_driver.o
 .debug_macro   0x0000000000000000       0x22 Src/stm32f103x6_gpio_driver.o
 .debug_macro   0x0000000000000000       0x40 Src/stm32f103x6_gpio_driver.o
 .debug_macro   0x0000000000000000       0x94 Src/stm32f103x6_gpio_driver.o
 .debug_macro   0x0000000000000000       0x3c Src/stm32f103x6_gpio_driver.o
 .debug_macro   0x0000000000000000       0x34 Src/stm32f103x6_gpio_driver.o
 .debug_macro   0x0000000000000000       0x16 Src/stm32f103x6_gpio_driver.o
 .debug_macro   0x0000000000000000      0x10e Src/stm32f103x6_gpio_driver.o
 .debug_macro   0x0000000000000000       0x8d Src/stm32f103x6_gpio_driver.o
 .debug_macro   0x0000000000000000       0x57 Src/stm32f103x6_gpio_driver.o
 .debug_macro   0x0000000000000000       0x52 Src/stm32f103x6_gpio_driver.o
 .debug_macro   0x0000000000000000       0x1f Src/stm32f103x6_gpio_driver.o
 .debug_macro   0x0000000000000000       0x43 Src/stm32f103x6_gpio_driver.o
 .debug_macro   0x0000000000000000       0x20 Src/stm32f103x6_gpio_driver.o
 .debug_macro   0x0000000000000000      0x1a3 Src/stm32f103x6_gpio_driver.o
 .debug_macro   0x0000000000000000      0x330 Src/stm32f103x6_gpio_driver.o
 .debug_macro   0x0000000000000000       0x16 Src/stm32f103x6_gpio_driver.o
 .debug_macro   0x0000000000000000       0x29 Src/stm32f103x6_gpio_driver.o
 .debug_macro   0x0000000000000000       0x1c Src/stm32f103x6_gpio_driver.o
 .debug_macro   0x0000000000000000       0x35 Src/stm32f103x6_gpio_driver.o
 .debug_macro   0x0000000000000000       0x10 Src/stm32f103x6_gpio_driver.o
 .debug_macro   0x0000000000000000       0x10 Src/stm32f103x6_gpio_driver.o
 .debug_macro   0x0000000000000000       0x6a Src/stm32f103x6_gpio_driver.o
 .debug_macro   0x0000000000000000       0x1c Src/stm32f103x6_gpio_driver.o
 .debug_macro   0x0000000000000000       0x52 Src/stm32f103x6_gpio_driver.o
 .debug_macro   0x0000000000000000       0x40 Src/stm32f103x6_gpio_driver.o
 .debug_macro   0x0000000000000000       0x10 Src/stm32f103x6_gpio_driver.o
 .debug_macro   0x0000000000000000       0x40 Src/stm32f103x6_gpio_driver.o
 .debug_macro   0x0000000000000000       0xd7 Src/stm32f103x6_gpio_driver.o
 .debug_macro   0x0000000000000000       0x1c Src/stm32f103x6_gpio_driver.o
 .debug_macro   0x0000000000000000       0x3d Src/stm32f103x6_gpio_driver.o
 .debug_macro   0x0000000000000000       0x16 Src/stm32f103x6_gpio_driver.o
 .debug_macro   0x0000000000000000      0x145 Src/stm32f103x6_gpio_driver.o
 .debug_macro   0x0000000000000000      0x28c Src/stm32f103x6_gpio_driver.o
 .group         0x0000000000000000        0xc Src/syscalls.o
 .group         0x0000000000000000        0xc Src/syscalls.o
 .group         0x0000000000000000        0xc Src/syscalls.o
 .group         0x0000000000000000        0xc Src/syscalls.o
 .group         0x0000000000000000        0xc Src/syscalls.o
 .group         0x0000000000000000        0xc Src/syscalls.o
 .group         0x0000000000000000        0xc Src/syscalls.o
 .group         0x0000000000000000        0xc Src/syscalls.o
 .group         0x0000000000000000        0xc Src/syscalls.o
 .group         0x0000000000000000        0xc Src/syscalls.o
 .group         0x0000000000000000        0xc Src/syscalls.o
 .group         0x0000000000000000        0xc Src/syscalls.o
 .group         0x0000000000000000        0xc Src/syscalls.o
 .group         0x0000000000000000        0xc Src/syscalls.o
 .group         0x0000000000000000        0xc Src/syscalls.o
 .group         0x0000000000000000        0xc Src/syscalls.o
 .group         0x0000000000000000        0xc Src/syscalls.o
 .group         0x0000000000000000        0xc Src/syscalls.o
 .group         0x0000000000000000        0xc Src/syscalls.o
 .group         0x0000000000000000        0xc Src/syscalls.o
 .group         0x0000000000000000        0xc Src/syscalls.o
 .group         0x0000000000000000        0xc Src/syscalls.o
 .group         0x0000000000000000        0xc Src/syscalls.o
 .group         0x0000000000000000        0xc Src/syscalls.o
 .group         0x0000000000000000        0xc Src/syscalls.o
 .group         0x0000000000000000        0xc Src/syscalls.o
 .group         0x0000000000000000        0xc Src/syscalls.o
 .group         0x0000000000000000        0xc Src/syscalls.o
 .group         0x0000000000000000        0xc Src/syscalls.o
 .group         0x0000000000000000        0xc Src/syscalls.o
 .group         0x0000000000000000        0xc Src/syscalls.o
 .group         0x0000000000000000        0xc Src/syscalls.o
 .group         0x0000000000000000        0xc Src/syscalls.o
 .group         0x0000000000000000        0xc Src/syscalls.o
 .group         0x0000000000000000        0xc Src/syscalls.o
 .group         0x0000000000000000        0xc Src/syscalls.o
 .group         0x0000000000000000        0xc Src/syscalls.o
 .group         0x0000000000000000        0xc Src/syscalls.o
 .group         0x0000000000000000        0xc Src/syscalls.o
 .group         0x0000000000000000        0xc Src/syscalls.o
 .group         0x0000000000000000        0xc Src/syscalls.o
 .group         0x0000000000000000        0xc Src/syscalls.o
 .group         0x0000000000000000        0xc Src/syscalls.o
 .group         0x0000000000000000        0xc Src/syscalls.o
 .text          0x0000000000000000        0x0 Src/syscalls.o
 .data          0x0000000000000000        0x0 Src/syscalls.o
 .bss           0x0000000000000000        0x0 Src/syscalls.o
 .bss.__env     0x0000000000000000        0x4 Src/syscalls.o
 .data.environ  0x0000000000000000        0x4 Src/syscalls.o
 .text.initialise_monitor_handles
                0x0000000000000000        0xc Src/syscalls.o
 .text._getpid  0x0000000000000000        0xe Src/syscalls.o
 .text._kill    0x0000000000000000       0x20 Src/syscalls.o
 .text._exit    0x0000000000000000       0x14 Src/syscalls.o
 .text._read    0x0000000000000000       0x3a Src/syscalls.o
 .text._write   0x0000000000000000       0x38 Src/syscalls.o
 .text._close   0x0000000000000000       0x16 Src/syscalls.o
 .text._fstat   0x0000000000000000       0x1e Src/syscalls.o
 .text._isatty  0x0000000000000000       0x14 Src/syscalls.o
 .text._lseek   0x0000000000000000       0x18 Src/syscalls.o
 .text._open    0x0000000000000000       0x1a Src/syscalls.o
 .text._wait    0x0000000000000000       0x1e Src/syscalls.o
 .text._unlink  0x0000000000000000       0x1e Src/syscalls.o
 .text._times   0x0000000000000000       0x16 Src/syscalls.o
 .text._stat    0x0000000000000000       0x1e Src/syscalls.o
 .text._link    0x0000000000000000       0x20 Src/syscalls.o
 .text._fork    0x0000000000000000       0x16 Src/syscalls.o
 .text._execve  0x0000000000000000       0x22 Src/syscalls.o
 .debug_info    0x0000000000000000      0xebd Src/syscalls.o
 .debug_abbrev  0x0000000000000000      0x261 Src/syscalls.o
 .debug_aranges
                0x0000000000000000       0xa8 Src/syscalls.o
 .debug_ranges  0x0000000000000000       0x98 Src/syscalls.o
 .debug_macro   0x0000000000000000      0x243 Src/syscalls.o
 .debug_macro   0x0000000000000000      0xa60 Src/syscalls.o
 .debug_macro   0x0000000000000000       0x22 Src/syscalls.o
 .debug_macro   0x0000000000000000       0x40 Src/syscalls.o
 .debug_macro   0x0000000000000000       0x18 Src/syscalls.o
 .debug_macro   0x0000000000000000       0x94 Src/syscalls.o
 .debug_macro   0x0000000000000000       0x3c Src/syscalls.o
 .debug_macro   0x0000000000000000       0x34 Src/syscalls.o
 .debug_macro   0x0000000000000000       0x57 Src/syscalls.o
 .debug_macro   0x0000000000000000      0x174 Src/syscalls.o
 .debug_macro   0x0000000000000000      0x330 Src/syscalls.o
 .debug_macro   0x0000000000000000       0x52 Src/syscalls.o
 .debug_macro   0x0000000000000000       0x1f Src/syscalls.o
 .debug_macro   0x0000000000000000       0x43 Src/syscalls.o
 .debug_macro   0x0000000000000000       0x20 Src/syscalls.o
 .debug_macro   0x0000000000000000      0x1a3 Src/syscalls.o
 .debug_macro   0x0000000000000000       0x10 Src/syscalls.o
 .debug_macro   0x0000000000000000       0x35 Src/syscalls.o
 .debug_macro   0x0000000000000000       0x10 Src/syscalls.o
 .debug_macro   0x0000000000000000       0x10 Src/syscalls.o
 .debug_macro   0x0000000000000000       0x10 Src/syscalls.o
 .debug_macro   0x0000000000000000       0x6a Src/syscalls.o
 .debug_macro   0x0000000000000000       0x1c Src/syscalls.o
 .debug_macro   0x0000000000000000       0x52 Src/syscalls.o
 .debug_macro   0x0000000000000000       0x40 Src/syscalls.o
 .debug_macro   0x0000000000000000       0x10 Src/syscalls.o
 .debug_macro   0x0000000000000000       0x40 Src/syscalls.o
 .debug_macro   0x0000000000000000       0xd7 Src/syscalls.o
 .debug_macro   0x0000000000000000       0x1c Src/syscalls.o
 .debug_macro   0x0000000000000000       0x3d Src/syscalls.o
 .debug_macro   0x0000000000000000       0x35 Src/syscalls.o
 .debug_macro   0x0000000000000000      0x122 Src/syscalls.o
 .debug_macro   0x0000000000000000       0x16 Src/syscalls.o
 .debug_macro   0x0000000000000000       0x16 Src/syscalls.o
 .debug_macro   0x0000000000000000       0x29 Src/syscalls.o
 .debug_macro   0x0000000000000000       0x10 Src/syscalls.o
 .debug_macro   0x0000000000000000      0x241 Src/syscalls.o
 .debug_macro   0x0000000000000000       0x1c Src/syscalls.o
 .debug_macro   0x0000000000000000       0x10 Src/syscalls.o
 .debug_macro   0x0000000000000000       0x10 Src/syscalls.o
 .debug_macro   0x0000000000000000       0x16 Src/syscalls.o
 .debug_macro   0x0000000000000000      0x145 Src/syscalls.o
 .debug_macro   0x0000000000000000      0x189 Src/syscalls.o
 .debug_macro   0x0000000000000000       0x16 Src/syscalls.o
 .debug_macro   0x0000000000000000       0x88 Src/syscalls.o
 .debug_line    0x0000000000000000      0x739 Src/syscalls.o
 .debug_str     0x0000000000000000     0x8864 Src/syscalls.o
 .comment       0x0000000000000000       0x7c Src/syscalls.o
 .debug_frame   0x0000000000000000      0x2ac Src/syscalls.o
 .ARM.attributes
                0x0000000000000000       0x33 Src/syscalls.o
 .group         0x0000000000000000        0xc Src/sysmem.o
 .group         0x0000000000000000        0xc Src/sysmem.o
 .group         0x0000000000000000        0xc Src/sysmem.o
 .group         0x0000000000000000        0xc Src/sysmem.o
 .group         0x0000000000000000        0xc Src/sysmem.o
 .group         0x0000000000000000        0xc Src/sysmem.o
 .group         0x0000000000000000        0xc Src/sysmem.o
 .group         0x0000000000000000        0xc Src/sysmem.o
 .group         0x0000000000000000        0xc Src/sysmem.o
 .group         0x0000000000000000        0xc Src/sysmem.o
 .group         0x0000000000000000        0xc Src/sysmem.o
 .group         0x0000000000000000        0xc Src/sysmem.o
 .group         0x0000000000000000        0xc Src/sysmem.o
 .group         0x0000000000000000        0xc Src/sysmem.o
 .group         0x0000000000000000        0xc Src/sysmem.o
 .group         0x0000000000000000        0xc Src/sysmem.o
 .group         0x0000000000000000        0xc Src/sysmem.o
 .group         0x0000000000000000        0xc Src/sysmem.o
 .group         0x0000000000000000        0xc Src/sysmem.o
 .text          0x0000000000000000        0x0 Src/sysmem.o
 .data          0x0000000000000000        0x0 Src/sysmem.o
 .bss           0x0000000000000000        0x0 Src/sysmem.o
 .bss.__sbrk_heap_end
                0x0000000000000000        0x4 Src/sysmem.o
 .text._sbrk    0x0000000000000000       0x6c Src/sysmem.o
 .debug_info    0x0000000000000000      0x985 Src/sysmem.o
 .debug_abbrev  0x0000000000000000      0x19b Src/sysmem.o
 .debug_aranges
                0x0000000000000000       0x20 Src/sysmem.o
 .debug_ranges  0x0000000000000000       0x10 Src/sysmem.o
 .debug_macro   0x0000000000000000       0xee Src/sysmem.o
 .debug_macro   0x0000000000000000      0xa60 Src/sysmem.o
 .debug_macro   0x0000000000000000       0x10 Src/sysmem.o
 .debug_macro   0x0000000000000000       0x22 Src/sysmem.o
 .debug_macro   0x0000000000000000       0x40 Src/sysmem.o
 .debug_macro   0x0000000000000000       0x18 Src/sysmem.o
 .debug_macro   0x0000000000000000       0x94 Src/sysmem.o
 .debug_macro   0x0000000000000000       0x3c Src/sysmem.o
 .debug_macro   0x0000000000000000       0x34 Src/sysmem.o
 .debug_macro   0x0000000000000000      0x174 Src/sysmem.o
 .debug_macro   0x0000000000000000       0x57 Src/sysmem.o
 .debug_macro   0x0000000000000000       0x52 Src/sysmem.o
 .debug_macro   0x0000000000000000       0x1f Src/sysmem.o
 .debug_macro   0x0000000000000000       0x43 Src/sysmem.o
 .debug_macro   0x0000000000000000       0x20 Src/sysmem.o
 .debug_macro   0x0000000000000000      0x1a3 Src/sysmem.o
 .debug_macro   0x0000000000000000      0x23b Src/sysmem.o
 .debug_macro   0x0000000000000000       0xef Src/sysmem.o
 .debug_macro   0x0000000000000000       0x6a Src/sysmem.o
 .debug_macro   0x0000000000000000      0x1df Src/sysmem.o
 .debug_line    0x0000000000000000      0x4c2 Src/sysmem.o
 .debug_str     0x0000000000000000     0x5f32 Src/sysmem.o
 .comment       0x0000000000000000       0x7c Src/sysmem.o
 .debug_frame   0x0000000000000000       0x34 Src/sysmem.o
 .ARM.attributes
                0x0000000000000000       0x33 Src/sysmem.o
 .text          0x0000000000000000       0x14 Startup/startup_stm32f103c6tx.o
 .data          0x0000000000000000        0x0 Startup/startup_stm32f103c6tx.o
 .bss           0x0000000000000000        0x0 Startup/startup_stm32f103c6tx.o
 .text          0x0000000000000000        0x0 c:/st/stm32cubeide_1.4.0/stm32cubeide/plugins/com.st.stm32cube.ide.mcu.externaltools.gnu-tools-for-stm32.7-2018-q2-update.win32_1.4.0.202007081208/tools/bin/../lib/gcc/arm-none-eabi/7.3.1/../../../../arm-none-eabi/lib/thumb/v7-m\libc_nano.a(lib_a-errno.o)
 .data          0x0000000000000000        0x0 c:/st/stm32cubeide_1.4.0/stm32cubeide/plugins/com.st.stm32cube.ide.mcu.externaltools.gnu-tools-for-stm32.7-2018-q2-update.win32_1.4.0.202007081208/tools/bin/../lib/gcc/arm-none-eabi/7.3.1/../../../../arm-none-eabi/lib/thumb/v7-m\libc_nano.a(lib_a-errno.o)
 .bss           0x0000000000000000        0x0 c:/st/stm32cubeide_1.4.0/stm32cubeide/plugins/com.st.stm32cube.ide.mcu.externaltools.gnu-tools-for-stm32.7-2018-q2-update.win32_1.4.0.202007081208/tools/bin/../lib/gcc/arm-none-eabi/7.3.1/../../../../arm-none-eabi/lib/thumb/v7-m\libc_nano.a(lib_a-errno.o)
 .text.__errno  0x0000000000000000        0xc c:/st/stm32cubeide_1.4.0/stm32cubeide/plugins/com.st.stm32cube.ide.mcu.externaltools.gnu-tools-for-stm32.7-2018-q2-update.win32_1.4.0.202007081208/tools/bin/../lib/gcc/arm-none-eabi/7.3.1/../../../../arm-none-eabi/lib/thumb/v7-m\libc_nano.a(lib_a-errno.o)
 .debug_frame   0x0000000000000000       0x20 c:/st/stm32cubeide_1.4.0/stm32cubeide/plugins/com.st.stm32cube.ide.mcu.externaltools.gnu-tools-for-stm32.7-2018-q2-update.win32_1.4.0.202007081208/tools/bin/../lib/gcc/arm-none-eabi/7.3.1/../../../../arm-none-eabi/lib/thumb/v7-m\libc_nano.a(lib_a-errno.o)
 .ARM.attributes
                0x0000000000000000       0x2d c:/st/stm32cubeide_1.4.0/stm32cubeide/plugins/com.st.stm32cube.ide.mcu.externaltools.gnu-tools-for-stm32.7-2018-q2-update.win32_1.4.0.202007081208/tools/bin/../lib/gcc/arm-none-eabi/7.3.1/../../../../arm-none-eabi/lib/thumb/v7-m\libc_nano.a(lib_a-errno.o)
 .text          0x0000000000000000        0x0 c:/st/stm32cubeide_1.4.0/stm32cubeide/plugins/com.st.stm32cube.ide.mcu.externaltools.gnu-tools-for-stm32.7-2018-q2-update.win32_1.4.0.202007081208/tools/bin/../lib/gcc/arm-none-eabi/7.3.1/../../../../arm-none-eabi/lib/thumb/v7-m\libc_nano.a(lib_a-exit.o)
 .data          0x0000000000000000        0x0 c:/st/stm32cubeide_1.4.0/stm32cubeide/plugins/com.st.stm32cube.ide.mcu.externaltools.gnu-tools-for-stm32.7-2018-q2-update.win32_1.4.0.202007081208/tools/bin/../lib/gcc/arm-none-eabi/7.3.1/../../../../arm-none-eabi/lib/thumb/v7-m\libc_nano.a(lib_a-exit.o)
 .bss           0x0000000000000000        0x0 c:/st/stm32cubeide_1.4.0/stm32cubeide/plugins/com.st.stm32cube.ide.mcu.externaltools.gnu-tools-for-stm32.7-2018-q2-update.win32_1.4.0.202007081208/tools/bin/../lib/gcc/arm-none-eabi/7.3.1/../../../../arm-none-eabi/lib/thumb/v7-m\libc_nano.a(lib_a-exit.o)
 .text.exit     0x0000000000000000       0x28 c:/st/stm32cubeide_1.4.0/stm32cubeide/plugins/com.st.stm32cube.ide.mcu.externaltools.gnu-tools-for-stm32.7-2018-q2-update.win32_1.4.0.202007081208/tools/bin/../lib/gcc/arm-none-eabi/7.3.1/../../../../arm-none-eabi/lib/thumb/v7-m\libc_nano.a(lib_a-exit.o)
 .debug_frame   0x0000000000000000       0x28 c:/st/stm32cubeide_1.4.0/stm32cubeide/plugins/com.st.stm32cube.ide.mcu.externaltools.gnu-tools-for-stm32.7-2018-q2-update.win32_1.4.0.202007081208/tools/bin/../lib/gcc/arm-none-eabi/7.3.1/../../../../arm-none-eabi/lib/thumb/v7-m\libc_nano.a(lib_a-exit.o)
 .ARM.attributes
                0x0000000000000000       0x2d c:/st/stm32cubeide_1.4.0/stm32cubeide/plugins/com.st.stm32cube.ide.mcu.externaltools.gnu-tools-for-stm32.7-2018-q2-update.win32_1.4.0.202007081208/tools/bin/../lib/gcc/arm-none-eabi/7.3.1/../../../../arm-none-eabi/lib/thumb/v7-m\libc_nano.a(lib_a-exit.o)
 .text          0x0000000000000000        0x0 c:/st/stm32cubeide_1.4.0/stm32cubeide/plugins/com.st.stm32cube.ide.mcu.externaltools.gnu-tools-for-stm32.7-2018-q2-update.win32_1.4.0.202007081208/tools/bin/../lib/gcc/arm-none-eabi/7.3.1/../../../../arm-none-eabi/lib/thumb/v7-m\libc_nano.a(lib_a-impure.o)
 .data          0x0000000000000000        0x0 c:/st/stm32cubeide_1.4.0/stm32cubeide/plugins/com.st.stm32cube.ide.mcu.externaltools.gnu-tools-for-stm32.7-2018-q2-update.win32_1.4.0.202007081208/tools/bin/../lib/gcc/arm-none-eabi/7.3.1/../../../../arm-none-eabi/lib/thumb/v7-m\libc_nano.a(lib_a-impure.o)
 .bss           0x0000000000000000        0x0 c:/st/stm32cubeide_1.4.0/stm32cubeide/plugins/com.st.stm32cube.ide.mcu.externaltools.gnu-tools-for-stm32.7-2018-q2-update.win32_1.4.0.202007081208/tools/bin/../lib/gcc/arm-none-eabi/7.3.1/../../../../arm-none-eabi/lib/thumb/v7-m\libc_nano.a(lib_a-impure.o)
 .data._impure_ptr
                0x0000000000000000        0x4 c:/st/stm32cubeide_1.4.0/stm32cubeide/plugins/com.st.stm32cube.ide.mcu.externaltools.gnu-tools-for-stm32.7-2018-q2-update.win32_1.4.0.202007081208/tools/bin/../lib/gcc/arm-none-eabi/7.3.1/../../../../arm-none-eabi/lib/thumb/v7-m\libc_nano.a(lib_a-impure.o)
 .data.impure_data
                0x0000000000000000       0x60 c:/st/stm32cubeide_1.4.0/stm32cubeide/plugins/com.st.stm32cube.ide.mcu.externaltools.gnu-tools-for-stm32.7-2018-q2-update.win32_1.4.0.202007081208/tools/bin/../lib/gcc/arm-none-eabi/7.3.1/../../../../arm-none-eabi/lib/thumb/v7-m\libc_nano.a(lib_a-impure.o)
 .rodata._global_impure_ptr
                0x0000000000000000        0x4 c:/st/stm32cubeide_1.4.0/stm32cubeide/plugins/com.st.stm32cube.ide.mcu.externaltools.gnu-tools-for-stm32.7-2018-q2-update.win32_1.4.0.202007081208/tools/bin/../lib/gcc/arm-none-eabi/7.3.1/../../../../arm-none-eabi/lib/thumb/v7-m\libc_nano.a(lib_a-impure.o)
 .ARM.attributes
                0x0000000000000000       0x2d c:/st/stm32cubeide_1.4.0/stm32cubeide/plugins/com.st.stm32cube.ide.mcu.externaltools.gnu-tools-for-stm32.7-2018-q2-update.win32_1.4.0.202007081208/tools/bin/../lib/gcc/arm-none-eabi/7.3.1/../../../../arm-none-eabi/lib/thumb/v7-m\libc_nano.a(lib_a-impure.o)
 .text          0x0000000000000000        0x0 c:/st/stm32cubeide_1.4.0/stm32cubeide/plugins/com.st.stm32cube.ide.mcu.externaltools.gnu-tools-for-stm32.7-2018-q2-update.win32_1.4.0.202007081208/tools/bin/../lib/gcc/arm-none-eabi/7.3.1/../../../../arm-none-eabi/lib/thumb/v7-m\libc_nano.a(lib_a-init.o)
 .data          0x0000000000000000        0x0 c:/st/stm32cubeide_1.4.0/stm32cubeide/plugins/com.st.stm32cube.ide.mcu.externaltools.gnu-tools-for-stm32.7-2018-q2-update.win32_1.4.0.202007081208/tools/bin/../lib/gcc/arm-none-eabi/7.3.1/../../../../arm-none-eabi/lib/thumb/v7-m\libc_nano.a(lib_a-init.o)
 .bss           0x0000000000000000        0x0 c:/st/stm32cubeide_1.4.0/stm32cubeide/plugins/com.st.stm32cube.ide.mcu.externaltools.gnu-tools-for-stm32.7-2018-q2-update.win32_1.4.0.202007081208/tools/bin/../lib/gcc/arm-none-eabi/7.3.1/../../../../arm-none-eabi/lib/thumb/v7-m\libc_nano.a(lib_a-init.o)
 .text          0x0000000000000000        0x0 c:/st/stm32cubeide_1.4.0/stm32cubeide/plugins/com.st.stm32cube.ide.mcu.externaltools.gnu-tools-for-stm32.7-2018-q2-update.win32_1.4.0.202007081208/tools/bin/../lib/gcc/arm-none-eabi/7.3.1/../../../../arm-none-eabi/lib/thumb/v7-m\libc_nano.a(lib_a-memset.o)
 .data          0x0000000000000000        0x0 c:/st/stm32cubeide_1.4.0/stm32cubeide/plugins/com.st.stm32cube.ide.mcu.externaltools.gnu-tools-for-stm32.7-2018-q2-update.win32_1.4.0.202007081208/tools/bin/../lib/gcc/arm-none-eabi/7.3.1/../../../../arm-none-eabi/lib/thumb/v7-m\libc_nano.a(lib_a-memset.o)
 .bss           0x0000000000000000        0x0 c:/st/stm32cubeide_1.4.0/stm32cubeide/plugins/com.st.stm32cube.ide.mcu.externaltools.gnu-tools-for-stm32.7-2018-q2-update.win32_1.4.0.202007081208/tools/bin/../lib/gcc/arm-none-eabi/7.3.1/../../../../arm-none-eabi/lib/thumb/v7-m\libc_nano.a(lib_a-memset.o)
 .text.memset   0x0000000000000000       0x10 c:/st/stm32cubeide_1.4.0/stm32cubeide/plugins/com.st.stm32cube.ide.mcu.externaltools.gnu-tools-for-stm32.7-2018-q2-update.win32_1.4.0.202007081208/tools/bin/../lib/gcc/arm-none-eabi/7.3.1/../../../../arm-none-eabi/lib/thumb/v7-m\libc_nano.a(lib_a-memset.o)
 .debug_frame   0x0000000000000000       0x20 c:/st/stm32cubeide_1.4.0/stm32cubeide/plugins/com.st.stm32cube.ide.mcu.externaltools.gnu-tools-for-stm32.7-2018-q2-update.win32_1.4.0.202007081208/tools/bin/../lib/gcc/arm-none-eabi/7.3.1/../../../../arm-none-eabi/lib/thumb/v7-m\libc_nano.a(lib_a-memset.o)
 .ARM.attributes
                0x0000000000000000       0x2d c:/st/stm32cubeide_1.4.0/stm32cubeide/plugins/com.st.stm32cube.ide.mcu.externaltools.gnu-tools-for-stm32.7-2018-q2-update.win32_1.4.0.202007081208/tools/bin/../lib/gcc/arm-none-eabi/7.3.1/../../../../arm-none-eabi/lib/thumb/v7-m\libc_nano.a(lib_a-memset.o)
 .text          0x0000000000000000        0x0 c:/st/stm32cubeide_1.4.0/stm32cubeide/plugins/com.st.stm32cube.ide.mcu.externaltools.gnu-tools-for-stm32.7-2018-q2-update.win32_1.4.0.202007081208/tools/bin/../lib/gcc/arm-none-eabi/7.3.1/thumb/v7-m/crtend.o
 .data          0x0000000000000000        0x0 c:/st/stm32cubeide_1.4.0/stm32cubeide/plugins/com.st.stm32cube.ide.mcu.externaltools.gnu-tools-for-stm32.7-2018-q2-update.win32_1.4.0.202007081208/tools/bin/../lib/gcc/arm-none-eabi/7.3.1/thumb/v7-m/crtend.o
 .bss           0x0000000000000000        0x0 c:/st/stm32cubeide_1.4.0/stm32cubeide/plugins/com.st.stm32cube.ide.mcu.externaltools.gnu-tools-for-stm32.7-2018-q2-update.win32_1.4.0.202007081208/tools/bin/../lib/gcc/arm-none-eabi/7.3.1/thumb/v7-m/crtend.o
 .eh_frame      0x0000000000000000        0x4 c:/st/stm32cubeide_1.4.0/stm32cubeide/plugins/com.st.stm32cube.ide.mcu.externaltools.gnu-tools-for-stm32.7-2018-q2-update.win32_1.4.0.202007081208/tools/bin/../lib/gcc/arm-none-eabi/7.3.1/thumb/v7-m/crtend.o
 .ARM.attributes
                0x0000000000000000       0x2d c:/st/stm32cubeide_1.4.0/stm32cubeide/plugins/com.st.stm32cube.ide.mcu.externaltools.gnu-tools-for-stm32.7-2018-q2-update.win32_1.4.0.202007081208/tools/bin/../lib/gcc/arm-none-eabi/7.3.1/thumb/v7-m/crtend.o
 .text          0x0000000000000000        0x0 c:/st/stm32cubeide_1.4.0/stm32cubeide/plugins/com.st.stm32cube.ide.mcu.externaltools.gnu-tools-for-stm32.7-2018-q2-update.win32_1.4.0.202007081208/tools/bin/../lib/gcc/arm-none-eabi/7.3.1/thumb/v7-m/crtn.o
 .data          0x0000000000000000        0x0 c:/st/stm32cubeide_1.4.0/stm32cubeide/plugins/com.st.stm32cube.ide.mcu.externaltools.gnu-tools-for-stm32.7-2018-q2-update.win32_1.4.0.202007081208/tools/bin/../lib/gcc/arm-none-eabi/7.3.1/thumb/v7-m/crtn.o
 .bss           0x0000000000000000        0x0 c:/st/stm32cubeide_1.4.0/stm32cubeide/plugins/com.st.stm32cube.ide.mcu.externaltools.gnu-tools-for-stm32.7-2018-q2-update.win32_1.4.0.202007081208/tools/bin/../lib/gcc/arm-none-eabi/7.3.1/thumb/v7-m/crtn.o

Memory Configuration

Name             Origin             Length             Attributes
RAM              0x0000000020000000 0x0000000000002800 xrw
ROM              0x0000000008000000 0x0000000000008000 xr
*default*        0x0000000000000000 0xffffffffffffffff

Linker script and memory map

LOAD c:/st/stm32cubeide_1.4.0/stm32cubeide/plugins/com.st.stm32cube.ide.mcu.externaltools.gnu-tools-for-stm32.7-2018-q2-update.win32_1.4.0.202007081208/tools/bin/../lib/gcc/arm-none-eabi/7.3.1/thumb/v7-m/crti.o
LOAD c:/st/stm32cubeide_1.4.0/stm32cubeide/plugins/com.st.stm32cube.ide.mcu.externaltools.gnu-tools-for-stm32.7-2018-q2-update.win32_1.4.0.202007081208/tools/bin/../lib/gcc/arm-none-eabi/7.3.1/thumb/v7-m/crtbegin.o
LOAD c:/st/stm32cubeide_1.4.0/stm32cubeide/plugins/com.st.stm32cube.ide.mcu.externaltools.gnu-tools-for-stm32.7-2018-q2-update.win32_1.4.0.202007081208/tools/bin/../lib/gcc/arm-none-eabi/7.3.1/../../../../arm-none-eabi/lib/thumb/v7-m/crt0.o
LOAD Src/exti_driver.o
LOAD Src/main.o
LOAD Src/rcc.o
LOAD Src/stm32f103x6_gpio_driver.o
LOAD Src/syscalls.o
LOAD Src/sysmem.o
LOAD Startup/startup_stm32f103c6tx.o
START GROUP
LOAD c:/st/stm32cubeide_1.4.0/stm32cubeide/plugins/com.st.stm32cube.ide.mcu.externaltools.gnu-tools-for-stm32.7-2018-q2-update.win32_1.4.0.202007081208/tools/bin/../lib/gcc/arm-none-eabi/7.3.1/../../../../arm-none-eabi/lib/thumb/v7-m\libc_nano.a
LOAD c:/st/stm32cubeide_1.4.0/stm32cubeide/plugins/com.st.stm32cube.ide.mcu.externaltools.gnu-tools-for-stm32.7-2018-q2-update.win32_1.4.0.202007081208/tools/bin/../lib/gcc/arm-none-eabi/7.3.1/../../../../arm-none-eabi/lib/thumb/v7-m\libm.a
END GROUP
START GROUP
LOAD c:/st/stm32cubeide_1.4.0/stm32cubeide/plugins/com.st.stm32cube.ide.mcu.externaltools.gnu-tools-for-stm32.7-2018-q2-update.win32_1.4.0.202007081208/tools/bin/../lib/gcc/arm-none-eabi/7.3.1/thumb/v7-m\libgcc.a
LOAD c:/st/stm32cubeide_1.4.0/stm32cubeide/plugins/com.st.stm32cube.ide.mcu.externaltools.gnu-tools-for-stm32.7-2018-q2-update.win32_1.4.0.202007081208/tools/bin/../lib/gcc/arm-none-eabi/7.3.1/../../../../arm-none-eabi/lib/thumb/v7-m\libc_nano.a
END GROUP
START GROUP
LOAD c:/st/stm32cubeide_1.4.0/stm32cubeide/plugins/com.st.stm32cube.ide.mcu.externaltools.gnu-tools-for-stm32.7-2018-q2-update.win32_1.4.0.202007081208/tools/bin/../lib/gcc/arm-none-eabi/7.3.1/thumb/v7-m\libgcc.a
LOAD c:/st/stm32cubeide_1.4.0/stm32cubeide/plugins/com.st.stm32cube.ide.mcu.externaltools.gnu-tools-for-stm32.7-2018-q2-update.win32_1.4.0.202007081208/tools/bin/../lib/gcc/arm-none-eabi/7.3.1/../../../../arm-none-eabi/lib/thumb/v7-m\libc_nano.a
LOAD c:/st/stm32cubeide_1.4.0/stm32cubeide/plugins/com.st.stm32cube.ide.mcu.externaltools.gnu-tools-for-stm32.7-2018-q2-update.win32_1.4.0.202007081208/tools/bin/../lib/gcc/arm-none-eabi/7.3.1/../../../../arm-none-eabi/lib/thumb/v7-m\libnosys.a
END GROUP
START GROUP
LOAD c:/st/stm32cubeide_1.4.0/stm32cubeide/plugins/com.st.stm32cube.ide.mcu.externaltools.gnu-tools-for-stm32.7-2018-q2-update.win32_1.4.0.202007081208/tools/bin/../lib/gcc/arm-none-eabi/7.3.1/thumb/v7-m\libgcc.a
LOAD c:/st/stm32cubeide_1.4.0/stm32cubeide/plugins/com.st.stm32cube.ide.mcu.externaltools.gnu-tools-for-stm32.7-2018-q2-update.win32_1.4.0.202007081208/tools/bin/../lib/gcc/arm-none-eabi/7.3.1/../../../../arm-none-eabi/lib/thumb/v7-m\libc_nano.a
LOAD c:/st/stm32cubeide_1.4.0/stm32cubeide/plugins/com.st.stm32cube.ide.mcu.externaltools.gnu-tools-for-stm32.7-2018-q2-update.win32_1.4.0.202007081208/tools/bin/../lib/gcc/arm-none-eabi/7.3.1/../../../../arm-none-eabi/lib/thumb/v7-m\libnosys.a
END GROUP
LOAD c:/st/stm32cubeide_1.4.0/stm32cubeide/plugins/com.st.stm32cube.ide.mcu.externaltools.gnu-tools-for-stm32.7-2018-q2-update.win32_1.4.0.202007081208/tools/bin/../lib/gcc/arm-none-eabi/7.3.1/thumb/v7-m/crtend.o
LOAD c:/st/stm32cubeide_1.4.0/stm32cubeide/plugins/com.st.stm32cube.ide.mcu.externaltools.gnu-tools-for-stm32.7-2018-q2-update.win32_1.4.0.202007081208/tools/bin/../lib/gcc/arm-none-eabi/7.3.1/thumb/v7-m/crtn.o
                0x0000000020002800                _estack = (ORIGIN (RAM) + LENGTH (RAM))
                0x0000000000000200                _Min_Heap_Size = 0x200
                0x0000000000000400                _Min_Stack_Size = 0x400

.isr_vector     0x0000000008000000      0x130
                0x0000000008000000                . = ALIGN (0x4)
 *(.isr_vector)
 .isr_vector    0x0000000008000000      0x130 Startup/startup_stm32f103c6tx.o
                0x0000000008000000                g_pfnVectors
                0x0000000008000130                . = ALIGN (0x4)

.text           0x0000000008000130      0xab8
                0x0000000008000130                . = ALIGN (0x4)
 *(.text)
 .text          0x0000000008000130       0x40 c:/st/stm32cubeide_1.4.0/stm32cubeide/plugins/com.st.stm32cube.ide.mcu.externaltools.gnu-tools-for-stm32.7-2018-q2-update.win32_1.4.0.202007081208/tools/bin/../lib/gcc/arm-none-eabi/7.3.1/thumb/v7-m/crtbegin.o
 *(.text*)
 .text.en_nvic  0x0000000008000170       0xcc Src/exti_driver.o
                0x0000000008000170                en_nvic
 .text.dis_nvic
                0x000000000800023c       0xcc Src/exti_driver.o
                0x000000000800023c                dis_nvic
 .text.update   0x0000000008000308      0x1c8 Src/exti_driver.o
                0x0000000008000308                update
 .text.mcal_gpio_exti_init
                0x00000000080004d0       0x16 Src/exti_driver.o
                0x00000000080004d0                mcal_gpio_exti_init
 *fill*         0x00000000080004e6        0x2 
 .text.EXTI0_IRQHandler
                0x00000000080004e8       0x24 Src/exti_driver.o
                0x00000000080004e8                EXTI0_IRQHandler
 .text.EXTI1_IRQHandler
                0x000000000800050c       0x24 Src/exti_driver.o
                0x000000000800050c                EXTI1_IRQHandler
 .text.EXTI2_IRQHandler
                0x0000000008000530       0x24 Src/exti_driver.o
                0x0000000008000530                EXTI2_IRQHandler
 .text.EXTI3_IRQHandler
                0x0000000008000554       0x24 Src/exti_driver.o
                0x0000000008000554                EXTI3_IRQHandler
 .text.EXTI4_IRQHandler
                0x0000000008000578       0x24 Src/exti_driver.o
                0x0000000008000578                EXTI4_IRQHandler
 .text.EXTI9_5_IRQHandler
                0x000000000800059c       0xa8 Src/exti_driver.o
                0x000000000800059c                EXTI9_5_IRQHandler
 .text.EXTI15_10_IRQHandler
                0x0000000008000644       0xc4 Src/exti_driver.o
                0x0000000008000644                EXTI15_10_IRQHandler
 .text.SVC_Handler
                0x0000000008000708       0x1c Src/main.o
                0x0000000008000708                SVC_Handler
 .text.taska    0x0000000008000724       0x20 Src/main.o
                0x0000000008000724                taska
 .text.taskb    0x0000000008000744       0x26 Src/main.o
                0x0000000008000744                taskb
 *fill*         0x000000000800076a        0x2 
 .text.main_os  0x000000000800076c      0x104 Src/main.o
                0x000000000800076c                main_os
 .text.irq_fun  0x0000000008000870       0x44 Src/main.o
                0x0000000008000870                irq_fun
 .text.clk_init
                0x00000000080008b4       0x28 Src/main.o
                0x00000000080008b4                clk_init
 .text.main     0x00000000080008dc       0x5c Src/main.o
                0x00000000080008dc                main
 .text.get_pos  0x0000000008000938       0xb6 Src/stm32f103x6_gpio_driver.o
                0x0000000008000938                get_pos
 .text.mcal_gpio_init
                0x00000000080009ee      0x10a Src/stm32f103x6_gpio_driver.o
                0x00000000080009ee                mcal_gpio_init
 .text.mcal_gpio_write_pin
                0x0000000008000af8       0x3c Src/stm32f103x6_gpio_driver.o
                0x0000000008000af8                mcal_gpio_write_pin
 .text.Reset_Handler
                0x0000000008000b34       0x50 Startup/startup_stm32f103c6tx.o
                0x0000000008000b34                Reset_Handler
 .text.Default_Handler
                0x0000000008000b84        0x2 Startup/startup_stm32f103c6tx.o
                0x0000000008000b84                TIM8_TRG_COM_IRQHandler
                0x0000000008000b84                TIM8_CC_IRQHandler
                0x0000000008000b84                DebugMon_Handler
                0x0000000008000b84                TIM1_CC_IRQHandler
                0x0000000008000b84                HardFault_Handler
                0x0000000008000b84                TIM6_IRQHandler
                0x0000000008000b84                SysTick_Handler
                0x0000000008000b84                PVD_IRQHandler
                0x0000000008000b84                SDIO_IRQHandler
                0x0000000008000b84                PendSV_Handler
                0x0000000008000b84                NMI_Handler
                0x0000000008000b84                USB_HP_CAN_TX_IRQHandler
                0x0000000008000b84                I2C2_EV_IRQHandler
                0x0000000008000b84                UsageFault_Handler
                0x0000000008000b84                ADC1_2_IRQHandler
                0x0000000008000b84                SPI1_IRQHandler
                0x0000000008000b84                CAN_SCE_IRQHandler
                0x0000000008000b84                TAMPER_IRQHandler
                0x0000000008000b84                TIM8_UP_IRQHandler
                0x0000000008000b84                DMA2_Channel2_IRQHandler
                0x0000000008000b84                DMA1_Channel4_IRQHandler
                0x0000000008000b84                USART3_IRQHandler
                0x0000000008000b84                RTC_IRQHandler
                0x0000000008000b84                DMA1_Channel7_IRQHandler
                0x0000000008000b84                UART5_IRQHandler
                0x0000000008000b84                ADC3_IRQHandler
                0x0000000008000b84                TIM4_IRQHandler
                0x0000000008000b84                CAN_RX1_IRQHandler
                0x0000000008000b84                DMA2_Channel1_IRQHandler
                0x0000000008000b84                I2C1_EV_IRQHandler
                0x0000000008000b84                DMA1_Channel6_IRQHandler
                0x0000000008000b84                UART4_IRQHandler
                0x0000000008000b84                TIM3_IRQHandler
                0x0000000008000b84                RCC_IRQHandler
                0x0000000008000b84                TIM1_TRG_COM_IRQHandler
                0x0000000008000b84                DMA1_Channel1_IRQHandler
                0x0000000008000b84                Default_Handler
                0x0000000008000b84                TIM7_IRQHandler
                0x0000000008000b84                TIM5_IRQHandler
                0x0000000008000b84                SPI2_IRQHandler
                0x0000000008000b84                USB_LP_CAN_RX0_IRQHandler
                0x0000000008000b84                MemManage_Handler
                0x0000000008000b84                DMA1_Channel5_IRQHandler
                0x0000000008000b84                DMA1_Channel3_IRQHandler
                0x0000000008000b84                FSMC_IRQHandler
                0x0000000008000b84                TIM1_UP_IRQHandler
                0x0000000008000b84                WWDG_IRQHandler
                0x0000000008000b84                TIM2_IRQHandler
                0x0000000008000b84                TIM1_BRK_IRQHandler
                0x0000000008000b84                RTCAlarm_IRQHandler
                0x0000000008000b84                DMA2_Channel4_5_IRQHandler
                0x0000000008000b84                USART2_IRQHandler
                0x0000000008000b84                I2C2_ER_IRQHandler
                0x0000000008000b84                DMA1_Channel2_IRQHandler
                0x0000000008000b84                TIM8_BRK_IRQHandler
                0x0000000008000b84                FLASH_IRQHandler
                0x0000000008000b84                BusFault_Handler
                0x0000000008000b84                USART1_IRQHandler
                0x0000000008000b84                SPI3_IRQHandler
                0x0000000008000b84                I2C1_ER_IRQHandler
                0x0000000008000b84                DMA2_Channel3_IRQHandler
 *fill*         0x0000000008000b86        0x2 
 .text.__libc_init_array
                0x0000000008000b88       0x48 c:/st/stm32cubeide_1.4.0/stm32cubeide/plugins/com.st.stm32cube.ide.mcu.externaltools.gnu-tools-for-stm32.7-2018-q2-update.win32_1.4.0.202007081208/tools/bin/../lib/gcc/arm-none-eabi/7.3.1/../../../../arm-none-eabi/lib/thumb/v7-m\libc_nano.a(lib_a-init.o)
                0x0000000008000b88                __libc_init_array
 *(.glue_7)
 .glue_7        0x0000000008000bd0        0x0 linker stubs
 *(.glue_7t)
 .glue_7t       0x0000000008000bd0        0x0 linker stubs
 *(.eh_frame)
 .eh_frame      0x0000000008000bd0        0x0 c:/st/stm32cubeide_1.4.0/stm32cubeide/plugins/com.st.stm32cube.ide.mcu.externaltools.gnu-tools-for-stm32.7-2018-q2-update.win32_1.4.0.202007081208/tools/bin/../lib/gcc/arm-none-eabi/7.3.1/thumb/v7-m/crtbegin.o
 *(.init)
 .init          0x0000000008000bd0        0x4 c:/st/stm32cubeide_1.4.0/stm32cubeide/plugins/com.st.stm32cube.ide.mcu.externaltools.gnu-tools-for-stm32.7-2018-q2-update.win32_1.4.0.202007081208/tools/bin/../lib/gcc/arm-none-eabi/7.3.1/thumb/v7-m/crti.o
                0x0000000008000bd0                _init
 .init          0x0000000008000bd4        0x8 c:/st/stm32cubeide_1.4.0/stm32cubeide/plugins/com.st.stm32cube.ide.mcu.externaltools.gnu-tools-for-stm32.7-2018-q2-update.win32_1.4.0.202007081208/tools/bin/../lib/gcc/arm-none-eabi/7.3.1/thumb/v7-m/crtn.o
 *(.fini)
 .fini          0x0000000008000bdc        0x4 c:/st/stm32cubeide_1.4.0/stm32cubeide/plugins/com.st.stm32cube.ide.mcu.externaltools.gnu-tools-for-stm32.7-2018-q2-update.win32_1.4.0.202007081208/tools/bin/../lib/gcc/arm-none-eabi/7.3.1/thumb/v7-m/crti.o
                0x0000000008000bdc                _fini
 .fini          0x0000000008000be0        0x8 c:/st/stm32cubeide_1.4.0/stm32cubeide/plugins/com.st.stm32cube.ide.mcu.externaltools.gnu-tools-for-stm32.7-2018-q2-update.win32_1.4.0.202007081208/tools/bin/../lib/gcc/arm-none-eabi/7.3.1/thumb/v7-m/crtn.o
                0x0000000008000be8                . = ALIGN (0x4)
                0x0000000008000be8                _etext = .

.vfp11_veneer   0x0000000008000be8        0x0
 .vfp11_veneer  0x0000000008000be8        0x0 linker stubs

.v4_bx          0x0000000008000be8        0x0
 .v4_bx         0x0000000008000be8        0x0 linker stubs

.iplt           0x0000000008000be8        0x0
 .iplt          0x0000000008000be8        0x0 c:/st/stm32cubeide_1.4.0/stm32cubeide/plugins/com.st.stm32cube.ide.mcu.externaltools.gnu-tools-for-stm32.7-2018-q2-update.win32_1.4.0.202007081208/tools/bin/../lib/gcc/arm-none-eabi/7.3.1/thumb/v7-m/crtbegin.o

.rodata         0x0000000008000be8        0xc
                0x0000000008000be8                . = ALIGN (0x4)
 *(.rodata)
 .rodata        0x0000000008000be8        0xc Src/main.o
 *(.rodata*)
                0x0000000008000bf4                . = ALIGN (0x4)

.rel.dyn        0x0000000008000bf4        0x0
 .rel.iplt      0x0000000008000bf4        0x0 c:/st/stm32cubeide_1.4.0/stm32cubeide/plugins/com.st.stm32cube.ide.mcu.externaltools.gnu-tools-for-stm32.7-2018-q2-update.win32_1.4.0.202007081208/tools/bin/../lib/gcc/arm-none-eabi/7.3.1/thumb/v7-m/crtbegin.o

.ARM.extab      0x0000000008000bf4        0x0
                0x0000000008000bf4                . = ALIGN (0x4)
 *(.ARM.extab* .gnu.linkonce.armextab.*)
                0x0000000008000bf4                . = ALIGN (0x4)

.ARM            0x0000000008000bf4        0x0
                0x0000000008000bf4                . = ALIGN (0x4)
                0x0000000008000bf4                __exidx_start = .
 *(.ARM.exidx*)
                0x0000000008000bf4                __exidx_end = .
                0x0000000008000bf4                . = ALIGN (0x4)

.preinit_array  0x0000000008000bf4        0x0
                0x0000000008000bf4                . = ALIGN (0x4)
                0x0000000008000bf4                PROVIDE (__preinit_array_start = .)
 *(.preinit_array*)
                0x0000000008000bf4                PROVIDE (__preinit_array_end = .)
                0x0000000008000bf4                . = ALIGN (0x4)

.init_array     0x0000000008000bf4        0x4
                0x0000000008000bf4                . = ALIGN (0x4)
                0x0000000008000bf4                PROVIDE (__init_array_start = .)
 *(SORT_BY_NAME(.init_array.*))
 *(.init_array*)
 .init_array    0x0000000008000bf4        0x4 c:/st/stm32cubeide_1.4.0/stm32cubeide/plugins/com.st.stm32cube.ide.mcu.externaltools.gnu-tools-for-stm32.7-2018-q2-update.win32_1.4.0.202007081208/tools/bin/../lib/gcc/arm-none-eabi/7.3.1/thumb/v7-m/crtbegin.o
                0x0000000008000bf8                PROVIDE (__init_array_end = .)
                0x0000000008000bf8                . = ALIGN (0x4)

.fini_array     0x0000000008000bf8        0x4
                0x0000000008000bf8                . = ALIGN (0x4)
                [!provide]                        PROVIDE (__fini_array_start = .)
 *(SORT_BY_NAME(.fini_array.*))
 *(.fini_array*)
 .fini_array    0x0000000008000bf8        0x4 c:/st/stm32cubeide_1.4.0/stm32cubeide/plugins/com.st.stm32cube.ide.mcu.externaltools.gnu-tools-for-stm32.7-2018-q2-update.win32_1.4.0.202007081208/tools/bin/../lib/gcc/arm-none-eabi/7.3.1/thumb/v7-m/crtbegin.o
                [!provide]                        PROVIDE (__fini_array_end = .)
                0x0000000008000bfc                . = ALIGN (0x4)
                0x0000000008000bfc                _sidata = LOADADDR (.data)

.data           0x0000000020000000        0x4 load address 0x0000000008000bfc
                0x0000000020000000                . = ALIGN (0x4)
                0x0000000020000000                _sdata = .
 *(.data)
 *(.data*)
 .data._s_msp   0x0000000020000000        0x4 Src/main.o
                0x0000000020000000                _s_msp
                0x0000000020000004                . = ALIGN (0x4)
                0x0000000020000004                _edata = .

.igot.plt       0x0000000020000004        0x0 load address 0x0000000008000c00
 .igot.plt      0x0000000020000004        0x0 c:/st/stm32cubeide_1.4.0/stm32cubeide/plugins/com.st.stm32cube.ide.mcu.externaltools.gnu-tools-for-stm32.7-2018-q2-update.win32_1.4.0.202007081208/tools/bin/../lib/gcc/arm-none-eabi/7.3.1/thumb/v7-m/crtbegin.o
                0x0000000020000004                . = ALIGN (0x4)

.bss            0x0000000020000004       0x70 load address 0x0000000008000c00
                0x0000000020000004                _sbss = .
                0x0000000020000004                __bss_start__ = _sbss
 *(.bss)
 .bss           0x0000000020000004       0x1c c:/st/stm32cubeide_1.4.0/stm32cubeide/plugins/com.st.stm32cube.ide.mcu.externaltools.gnu-tools-for-stm32.7-2018-q2-update.win32_1.4.0.202007081208/tools/bin/../lib/gcc/arm-none-eabi/7.3.1/thumb/v7-m/crtbegin.o
 *(.bss*)
 *(COMMON)
 COMMON         0x0000000020000020       0x3c Src/exti_driver.o
                0x0000000020000020                g_irq_call_back
 COMMON         0x000000002000005c       0x18 Src/main.o
                0x000000002000005c                taska_flag
                0x000000002000005d                taskb_flag
                0x000000002000005e                irq_flag
                0x0000000020000060                _e_pspb
                0x0000000020000064                _s_pspa
                0x0000000020000068                _e_pspa
                0x000000002000006c                _s_pspb
                0x0000000020000070                _e_msp
                0x0000000020000074                . = ALIGN (0x4)
                0x0000000020000074                _ebss = .
                0x0000000020000074                __bss_end__ = _ebss

._user_heap_stack
                0x0000000020000074      0x604 load address 0x0000000008000c00
                0x0000000020000078                . = ALIGN (0x8)
 *fill*         0x0000000020000074        0x4 
                [!provide]                        PROVIDE (end = .)
                0x0000000020000078                PROVIDE (_end = .)
                0x0000000020000278                . = (. + _Min_Heap_Size)
 *fill*         0x0000000020000078      0x200 
                0x0000000020000678                . = (. + _Min_Stack_Size)
 *fill*         0x0000000020000278      0x400 
                0x0000000020000678                . = ALIGN (0x8)

/DISCARD/
 libc.a(*)
 libm.a(*)
 libgcc.a(*)

.ARM.attributes
                0x0000000000000000       0x29
 *(.ARM.attributes)
 .ARM.attributes
                0x0000000000000000       0x1d c:/st/stm32cubeide_1.4.0/stm32cubeide/plugins/com.st.stm32cube.ide.mcu.externaltools.gnu-tools-for-stm32.7-2018-q2-update.win32_1.4.0.202007081208/tools/bin/../lib/gcc/arm-none-eabi/7.3.1/thumb/v7-m/crti.o
 .ARM.attributes
                0x000000000000001d       0x2d c:/st/stm32cubeide_1.4.0/stm32cubeide/plugins/com.st.stm32cube.ide.mcu.externaltools.gnu-tools-for-stm32.7-2018-q2-update.win32_1.4.0.202007081208/tools/bin/../lib/gcc/arm-none-eabi/7.3.1/thumb/v7-m/crtbegin.o
 .ARM.attributes
                0x000000000000004a       0x33 Src/exti_driver.o
 .ARM.attributes
                0x000000000000007d       0x33 Src/main.o
 .ARM.attributes
                0x00000000000000b0       0x33 Src/stm32f103x6_gpio_driver.o
 .ARM.attributes
                0x00000000000000e3       0x21 Startup/startup_stm32f103c6tx.o
 .ARM.attributes
                0x0000000000000104       0x2d c:/st/stm32cubeide_1.4.0/stm32cubeide/plugins/com.st.stm32cube.ide.mcu.externaltools.gnu-tools-for-stm32.7-2018-q2-update.win32_1.4.0.202007081208/tools/bin/../lib/gcc/arm-none-eabi/7.3.1/../../../../arm-none-eabi/lib/thumb/v7-m\libc_nano.a(lib_a-init.o)
 .ARM.attributes
                0x0000000000000131       0x1d c:/st/stm32cubeide_1.4.0/stm32cubeide/plugins/com.st.stm32cube.ide.mcu.externaltools.gnu-tools-for-stm32.7-2018-q2-update.win32_1.4.0.202007081208/tools/bin/../lib/gcc/arm-none-eabi/7.3.1/thumb/v7-m/crtn.o
OUTPUT(stack.axf elf32-littlearm)

.debug_info     0x0000000000000000     0x23a9
 .debug_info    0x0000000000000000      0xc3c Src/exti_driver.o
 .debug_info    0x0000000000000c3c      0xc24 Src/main.o
 .debug_info    0x0000000000001860      0xb27 Src/stm32f103x6_gpio_driver.o
 .debug_info    0x0000000000002387       0x22 Startup/startup_stm32f103c6tx.o

.debug_abbrev   0x0000000000000000      0x63b
 .debug_abbrev  0x0000000000000000      0x22c Src/exti_driver.o
 .debug_abbrev  0x000000000000022c      0x203 Src/main.o
 .debug_abbrev  0x000000000000042f      0x1fa Src/stm32f103x6_gpio_driver.o
 .debug_abbrev  0x0000000000000629       0x12 Startup/startup_stm32f103c6tx.o

.debug_aranges  0x0000000000000000      0x158
 .debug_aranges
                0x0000000000000000       0x80 Src/exti_driver.o
 .debug_aranges
                0x0000000000000080       0x50 Src/main.o
 .debug_aranges
                0x00000000000000d0       0x60 Src/stm32f103x6_gpio_driver.o
 .debug_aranges
                0x0000000000000130       0x28 Startup/startup_stm32f103c6tx.o

.debug_ranges   0x0000000000000000      0x120
 .debug_ranges  0x0000000000000000       0x70 Src/exti_driver.o
 .debug_ranges  0x0000000000000070       0x40 Src/main.o
 .debug_ranges  0x00000000000000b0       0x50 Src/stm32f103x6_gpio_driver.o
 .debug_ranges  0x0000000000000100       0x20 Startup/startup_stm32f103c6tx.o

.debug_macro    0x0000000000000000     0x2952
 .debug_macro   0x0000000000000000      0x213 Src/exti_driver.o
 .debug_macro   0x0000000000000213      0xa60 Src/exti_driver.o
 .debug_macro   0x0000000000000c73       0x18 Src/exti_driver.o
 .debug_macro   0x0000000000000c8b       0x22 Src/exti_driver.o
 .debug_macro   0x0000000000000cad       0x40 Src/exti_driver.o
 .debug_macro   0x0000000000000ced       0x94 Src/exti_driver.o
 .debug_macro   0x0000000000000d81       0x3c Src/exti_driver.o
 .debug_macro   0x0000000000000dbd       0x34 Src/exti_driver.o
 .debug_macro   0x0000000000000df1       0x16 Src/exti_driver.o
 .debug_macro   0x0000000000000e07      0x10e Src/exti_driver.o
 .debug_macro   0x0000000000000f15       0x8d Src/exti_driver.o
 .debug_macro   0x0000000000000fa2       0x57 Src/exti_driver.o
 .debug_macro   0x0000000000000ff9       0x52 Src/exti_driver.o
 .debug_macro   0x000000000000104b       0x1f Src/exti_driver.o
 .debug_macro   0x000000000000106a       0x43 Src/exti_driver.o
 .debug_macro   0x00000000000010ad       0x20 Src/exti_driver.o
 .debug_macro   0x00000000000010cd      0x1a3 Src/exti_driver.o
 .debug_macro   0x0000000000001270      0x330 Src/exti_driver.o
 .debug_macro   0x00000000000015a0       0x16 Src/exti_driver.o
 .debug_macro   0x00000000000015b6       0x29 Src/exti_driver.o
 .debug_macro   0x00000000000015df       0x1c Src/exti_driver.o
 .debug_macro   0x00000000000015fb       0x35 Src/exti_driver.o
 .debug_macro   0x0000000000001630       0x10 Src/exti_driver.o
 .debug_macro   0x0000000000001640       0x10 Src/exti_driver.o
 .debug_macro   0x0000000000001650       0x6a Src/exti_driver.o
 .debug_macro   0x00000000000016ba       0x1c Src/exti_driver.o
 .debug_macro   0x00000000000016d6       0x52 Src/exti_driver.o
 .debug_macro   0x0000000000001728       0x40 Src/exti_driver.o
 .debug_macro   0x0000000000001768       0x10 Src/exti_driver.o
 .debug_macro   0x0000000000001778       0x40 Src/exti_driver.o
 .debug_macro   0x00000000000017b8       0xd7 Src/exti_driver.o
 .debug_macro   0x000000000000188f       0x1c Src/exti_driver.o
 .debug_macro   0x00000000000018ab       0x3d Src/exti_driver.o
 .debug_macro   0x00000000000018e8       0x16 Src/exti_driver.o
 .debug_macro   0x00000000000018fe      0x145 Src/exti_driver.o
 .debug_macro   0x0000000000001a43      0x28c Src/exti_driver.o
 .debug_macro   0x0000000000001ccf       0xb8 Src/exti_driver.o
 .debug_macro   0x0000000000001d87       0xef Src/exti_driver.o
 .debug_macro   0x0000000000001e76      0x1df Src/exti_driver.o
 .debug_macro   0x0000000000002055      0x213 Src/exti_driver.o
 .debug_macro   0x0000000000002268      0x243 Src/main.o
 .debug_macro   0x00000000000024ab      0x213 Src/main.o
 .debug_macro   0x00000000000026be      0x1e2 Src/stm32f103x6_gpio_driver.o
 .debug_macro   0x00000000000028a0       0xb2 Src/stm32f103x6_gpio_driver.o

.debug_line     0x0000000000000000     0x1507
 .debug_line    0x0000000000000000      0x76c Src/exti_driver.o
 .debug_line    0x000000000000076c      0x66d Src/main.o
 .debug_line    0x0000000000000dd9      0x6aa Src/stm32f103x6_gpio_driver.o
 .debug_line    0x0000000000001483       0x84 Startup/startup_stm32f103c6tx.o

.debug_str      0x0000000000000000     0xa452
 .debug_str     0x0000000000000000     0xa0fa Src/exti_driver.o
                                       0xa36d (size before relaxing)
 .debug_str     0x000000000000a0fa      0x23a Src/main.o
                                       0xa3f5 (size before relaxing)
 .debug_str     0x000000000000a334       0xed Src/stm32f103x6_gpio_driver.o
                                       0x8717 (size before relaxing)
 .debug_str     0x000000000000a421       0x31 Startup/startup_stm32f103c6tx.o
                                         0x5f (size before relaxing)

.comment        0x0000000000000000       0x7b
 .comment       0x0000000000000000       0x7b Src/exti_driver.o
                                         0x7c (size before relaxing)
 .comment       0x000000000000007b       0x7c Src/main.o
 .comment       0x000000000000007b       0x7c Src/stm32f103x6_gpio_driver.o

.debug_frame    0x0000000000000000      0x450
 .debug_frame   0x0000000000000000      0x1b0 Src/exti_driver.o
 .debug_frame   0x00000000000001b0       0xfc Src/main.o
 .debug_frame   0x00000000000002ac      0x178 Src/stm32f103x6_gpio_driver.o
 .debug_frame   0x0000000000000424       0x2c c:/st/stm32cubeide_1.4.0/stm32cubeide/plugins/com.st.stm32cube.ide.mcu.externaltools.gnu-tools-for-stm32.7-2018-q2-update.win32_1.4.0.202007081208/tools/bin/../lib/gcc/arm-none-eabi/7.3.1/../../../../arm-none-eabi/lib/thumb/v7-m\libc_nano.a(lib_a-init.o)
