exti_driver.c:27:6:en_nvic	16	static
exti_driver.c:51:6:dis_nvic	16	static
exti_driver.c:87:6:mcal_gpio_exti_deinit	4	static
exti_driver.c:110:6:update	24	static
exti_driver.c:156:6:mcal_gpio_exti_update	16	static
exti_driver.c:161:6:mcal_gpio_exti_init	16	static
exti_driver.c:168:6:EXTI0_IRQHandler	8	static
exti_driver.c:175:6:EXTI1_IRQHandler	8	static
exti_driver.c:182:6:EXTI2_IRQHandler	8	static
exti_driver.c:189:6:EXTI3_IRQHandler	8	static
exti_driver.c:196:6:EXTI4_IRQHandler	8	static
exti_driver.c:203:6:EXTI9_5_IRQHandler	8	static
exti_driver.c:212:6:EXTI15_10_IRQHandler	8	static
